  Bronze.cpp
C:\Program Files\Microsoft Visual Studio\2022\Community\VC\Tools\MSVC\14.42.34433\include\utility(263,16): warning C4267: '초기화 중': 'size_t'에서 '_Ty1'(으)로 변환하면서 데이터가 손실될 수 있습니다.
C:\Program Files\Microsoft Visual Studio\2022\Community\VC\Tools\MSVC\14.42.34433\include\utility(263,16): warning C4267:         with
C:\Program Files\Microsoft Visual Studio\2022\Community\VC\Tools\MSVC\14.42.34433\include\utility(263,16): warning C4267:         [
C:\Program Files\Microsoft Visual Studio\2022\Community\VC\Tools\MSVC\14.42.34433\include\utility(263,16): warning C4267:             _Ty1=int
C:\Program Files\Microsoft Visual Studio\2022\Community\VC\Tools\MSVC\14.42.34433\include\utility(263,16): warning C4267:         ]
  (소스 파일 'Bronze.cpp'을(를) 컴파일하는 중)
      C:\Program Files\Microsoft Visual Studio\2022\Community\VC\Tools\MSVC\14.42.34433\include\utility(263,16):
      템플릿 인스턴스화 컨텍스트(가장 오래된 인스턴스화 컨텍스트)가
          C:\Users\a9018\Desktop\Maze\Bronze\Bronze.cpp(11,45):
          컴파일되는 함수 템플릿 인스턴스화 'std::pair<int,int>::pair<unsigned __int64,unsigned __int64,0>(_Other1 &&,_Other2 &&) noexcept'에 대한 참조를 확인하세요.
          with
          [
              _Other1=unsigned __int64,
              _Other2=unsigned __int64
          ]
              C:\Users\a9018\Desktop\Maze\Bronze\Bronze.cpp(11,45):
              'BFS'에서 'std::pair<int,int>::pair'에 대한 첫 번째 참조를 확인하세요.
  
C:\Program Files\Microsoft Visual Studio\2022\Community\VC\Tools\MSVC\14.42.34433\include\utility(263,54): warning C4267: '초기화 중': 'size_t'에서 '_Ty2'(으)로 변환하면서 데이터가 손실될 수 있습니다.
C:\Program Files\Microsoft Visual Studio\2022\Community\VC\Tools\MSVC\14.42.34433\include\utility(263,54): warning C4267:         with
C:\Program Files\Microsoft Visual Studio\2022\Community\VC\Tools\MSVC\14.42.34433\include\utility(263,54): warning C4267:         [
C:\Program Files\Microsoft Visual Studio\2022\Community\VC\Tools\MSVC\14.42.34433\include\utility(263,54): warning C4267:             _Ty2=int
C:\Program Files\Microsoft Visual Studio\2022\Community\VC\Tools\MSVC\14.42.34433\include\utility(263,54): warning C4267:         ]
  (소스 파일 'Bronze.cpp'을(를) 컴파일하는 중)
  
  Bronze.vcxproj -> C:\Users\a9018\Desktop\Maze\x64\Debug\Bronze.exe
